// Jest Snapshot v1, https://goo.gl/fbAQLP

exports[`ParallaxScrollView renders correctly 1`] = `
<ScrollView
  contentContainerStyle={
    {
      "paddingBottom": 0,
    }
  }
  scrollEventThrottle={16}
  scrollIndicatorInsets={
    {
      "bottom": 0,
    }
  }
>
  <View
    style={
      [
        {
          "height": 250,
          "overflow": "hidden",
        },
        {
          "backgroundColor": "#fff",
        },
        {
          "transform": [
            {
              "translateY": 0,
            },
            {
              "scale": 0,
            },
          ],
        },
      ]
    }
  />
</ScrollView>
`;
